[0.640s] Invoking command in '/home/leo/floor_estimate/ros_barometer-main/build/serial_to_ros2': AMENT_PREFIX_PATH=/home/leo/floor_estimate/ros_barometer-main/install/barometer_interfaces:${AMENT_PREFIX_PATH} CMAKE_PREFIX_PATH=/home/leo/floor_estimate/ros_barometer-main/install/barometer_interfaces LD_LIBRARY_PATH=/home/leo/floor_estimate/ros_barometer-main/install/barometer_interfaces/lib:${LD_LIBRARY_PATH} PYTHONPATH=/home/leo/floor_estimate/ros_barometer-main/build/serial_to_ros2/prefix_override:/usr/lib/python3/dist-packages/colcon_core/task/python/colcon_distutils_commands:/home/leo/floor_estimate/ros_barometer-main/install/serial_to_ros2/lib/python3.10/site-packages:/home/leo/floor_estimate/ros_barometer-main/install/barometer_interfaces/local/lib/python3.10/dist-packages:${PYTHONPATH} /usr/bin/python3 -W ignore:setup.py install is deprecated -W ignore:easy_install command is deprecated setup.py develop --editable --build-directory /home/leo/floor_estimate/ros_barometer-main/build/serial_to_ros2/build --no-deps symlink_data
[0.856s] running develop
[0.911s] /usr/lib/python3/dist-packages/pkg_resources/__init__.py:116: PkgResourcesDeprecationWarning: 1.12.1-git20200711.33e2d80-dfsg1-0.6 is an invalid version and will not be supported in a future release
[0.911s]   warnings.warn(
[1.016s] running egg_info
[1.016s] creating serial_to_ros2.egg-info
[1.016s] writing serial_to_ros2.egg-info/PKG-INFO
[1.016s] writing dependency_links to serial_to_ros2.egg-info/dependency_links.txt
[1.016s] writing entry points to serial_to_ros2.egg-info/entry_points.txt
[1.016s] writing requirements to serial_to_ros2.egg-info/requires.txt
[1.016s] writing top-level names to serial_to_ros2.egg-info/top_level.txt
[1.016s] writing manifest file 'serial_to_ros2.egg-info/SOURCES.txt'
[1.017s] reading manifest file 'serial_to_ros2.egg-info/SOURCES.txt'
[1.018s] writing manifest file 'serial_to_ros2.egg-info/SOURCES.txt'
[1.041s] running build_ext
[1.041s] Creating /home/leo/floor_estimate/ros_barometer-main/install/serial_to_ros2/lib/python3.10/site-packages/serial-to-ros2.egg-link (link to .)
[1.042s] Installing esp32_serial_baro script to /home/leo/floor_estimate/ros_barometer-main/install/serial_to_ros2/lib/serial_to_ros2
[1.042s] 
[1.042s] Installed /home/leo/floor_estimate/ros_barometer-main/build/serial_to_ros2
[1.042s] running symlink_data
[1.042s] creating /home/leo/floor_estimate/ros_barometer-main/install/serial_to_ros2/share/ament_index
[1.042s] creating /home/leo/floor_estimate/ros_barometer-main/install/serial_to_ros2/share/ament_index/resource_index
[1.042s] creating /home/leo/floor_estimate/ros_barometer-main/install/serial_to_ros2/share/ament_index/resource_index/packages
[1.042s] symbolically linking /home/leo/floor_estimate/ros_barometer-main/build/serial_to_ros2/resource/serial_to_ros2 -> /home/leo/floor_estimate/ros_barometer-main/install/serial_to_ros2/share/ament_index/resource_index/packages
[1.042s] symbolically linking /home/leo/floor_estimate/ros_barometer-main/build/serial_to_ros2/package.xml -> /home/leo/floor_estimate/ros_barometer-main/install/serial_to_ros2/share/serial_to_ros2
[1.042s] creating /home/leo/floor_estimate/ros_barometer-main/install/serial_to_ros2/share/serial_to_ros2/config
[1.042s] symbolically linking /home/leo/floor_estimate/ros_barometer-main/build/serial_to_ros2/config/esp32_serial_baro.yaml -> /home/leo/floor_estimate/ros_barometer-main/install/serial_to_ros2/share/serial_to_ros2/config
[1.042s] creating /home/leo/floor_estimate/ros_barometer-main/install/serial_to_ros2/share/serial_to_ros2/launch
[1.042s] symbolically linking /home/leo/floor_estimate/ros_barometer-main/build/serial_to_ros2/launch/baro_p_alti_launch.py -> /home/leo/floor_estimate/ros_barometer-main/install/serial_to_ros2/share/serial_to_ros2/launch
[1.069s] Invoked command in '/home/leo/floor_estimate/ros_barometer-main/build/serial_to_ros2' returned '0': AMENT_PREFIX_PATH=/home/leo/floor_estimate/ros_barometer-main/install/barometer_interfaces:${AMENT_PREFIX_PATH} CMAKE_PREFIX_PATH=/home/leo/floor_estimate/ros_barometer-main/install/barometer_interfaces LD_LIBRARY_PATH=/home/leo/floor_estimate/ros_barometer-main/install/barometer_interfaces/lib:${LD_LIBRARY_PATH} PYTHONPATH=/home/leo/floor_estimate/ros_barometer-main/build/serial_to_ros2/prefix_override:/usr/lib/python3/dist-packages/colcon_core/task/python/colcon_distutils_commands:/home/leo/floor_estimate/ros_barometer-main/install/serial_to_ros2/lib/python3.10/site-packages:/home/leo/floor_estimate/ros_barometer-main/install/barometer_interfaces/local/lib/python3.10/dist-packages:${PYTHONPATH} /usr/bin/python3 -W ignore:setup.py install is deprecated -W ignore:easy_install command is deprecated setup.py develop --editable --build-directory /home/leo/floor_estimate/ros_barometer-main/build/serial_to_ros2/build --no-deps symlink_data
