[0.009s] Invoking command in '/home/leo/floor_estimate/ros_barometer-main/build/barometer_interfaces': CMAKE_PREFIX_PATH=/opt/ros/humble /usr/bin/cmake --build /home/leo/floor_estimate/ros_barometer-main/build/barometer_interfaces -- -j16 -l16
[0.052s] [  2%] Built target barometer_interfaces__cpp
[0.052s] [ 12%] Built target barometer_interfaces__rosidl_generator_c
[0.060s] [ 12%] Built target ament_cmake_python_symlink_barometer_interfaces
[0.069s] [ 23%] Built target barometer_interfaces__rosidl_typesupport_cpp
[0.069s] [ 33%] Built target barometer_interfaces__rosidl_typesupport_fastrtps_cpp
[0.069s] [ 43%] Built target barometer_interfaces__rosidl_typesupport_introspection_cpp
[0.078s] [ 74%] Built target barometer_interfaces__rosidl_typesupport_introspection_c
[0.078s] [ 74%] Built target barometer_interfaces__rosidl_typesupport_c
[0.078s] [ 74%] Built target barometer_interfaces__rosidl_typesupport_fastrtps_c
[0.098s] [ 74%] Built target barometer_interfaces
[0.117s] [ 76%] Built target barometer_interfaces__py
[0.139s] [ 84%] Built target barometer_interfaces__rosidl_generator_py
[0.159s] [100%] Built target barometer_interfaces__rosidl_typesupport_c__pyext
[0.159s] [100%] Built target barometer_interfaces__rosidl_typesupport_fastrtps_c__pyext
[0.159s] [100%] Built target barometer_interfaces__rosidl_typesupport_introspection_c__pyext
[0.290s] running egg_info
[0.290s] writing barometer_interfaces.egg-info/PKG-INFO
[0.291s] writing dependency_links to barometer_interfaces.egg-info/dependency_links.txt
[0.291s] writing top-level names to barometer_interfaces.egg-info/top_level.txt
[0.292s] reading manifest file 'barometer_interfaces.egg-info/SOURCES.txt'
[0.293s] writing manifest file 'barometer_interfaces.egg-info/SOURCES.txt'
[0.315s] [100%] Built target ament_cmake_python_build_barometer_interfaces_egg
[0.325s] Invoked command in '/home/leo/floor_estimate/ros_barometer-main/build/barometer_interfaces' returned '0': CMAKE_PREFIX_PATH=/opt/ros/humble /usr/bin/cmake --build /home/leo/floor_estimate/ros_barometer-main/build/barometer_interfaces -- -j16 -l16
[0.335s] Invoking command in '/home/leo/floor_estimate/ros_barometer-main/build/barometer_interfaces': CMAKE_PREFIX_PATH=/opt/ros/humble /usr/bin/cmake --install /home/leo/floor_estimate/ros_barometer-main/build/barometer_interfaces
[0.342s] -- Install configuration: ""
[0.343s] -- Execute custom install script
[0.343s] -- Up-to-date symlink: /home/leo/floor_estimate/ros_barometer-main/install/barometer_interfaces/share/ament_index/resource_index/rosidl_interfaces/barometer_interfaces
[0.343s] -- Up-to-date symlink: /home/leo/floor_estimate/ros_barometer-main/install/barometer_interfaces/include/barometer_interfaces/barometer_interfaces/msg/barometer.h
[0.343s] -- Up-to-date symlink: /home/leo/floor_estimate/ros_barometer-main/install/barometer_interfaces/include/barometer_interfaces/barometer_interfaces/msg/detail/barometer__functions.h
[0.343s] -- Up-to-date symlink: /home/leo/floor_estimate/ros_barometer-main/install/barometer_interfaces/include/barometer_interfaces/barometer_interfaces/msg/detail/barometer__struct.h
[0.343s] -- Up-to-date symlink: /home/leo/floor_estimate/ros_barometer-main/install/barometer_interfaces/include/barometer_interfaces/barometer_interfaces/msg/detail/barometer__type_support.h
[0.343s] -- Up-to-date symlink: /home/leo/floor_estimate/ros_barometer-main/install/barometer_interfaces/include/barometer_interfaces/barometer_interfaces/msg/detail/z_motion__functions.h
[0.344s] -- Up-to-date symlink: /home/leo/floor_estimate/ros_barometer-main/install/barometer_interfaces/include/barometer_interfaces/barometer_interfaces/msg/detail/z_motion__struct.h
[0.344s] -- Up-to-date symlink: /home/leo/floor_estimate/ros_barometer-main/install/barometer_interfaces/include/barometer_interfaces/barometer_interfaces/msg/detail/z_motion__type_support.h
[0.344s] -- Up-to-date symlink: /home/leo/floor_estimate/ros_barometer-main/install/barometer_interfaces/include/barometer_interfaces/barometer_interfaces/msg/rosidl_generator_c__visibility_control.h
[0.344s] -- Up-to-date symlink: /home/leo/floor_estimate/ros_barometer-main/install/barometer_interfaces/include/barometer_interfaces/barometer_interfaces/msg/z_motion.h
[0.344s] -- Up-to-date symlink: /home/leo/floor_estimate/ros_barometer-main/install/barometer_interfaces/share/barometer_interfaces/environment/library_path.sh
[0.344s] -- Up-to-date symlink: /home/leo/floor_estimate/ros_barometer-main/install/barometer_interfaces/share/barometer_interfaces/environment/library_path.dsv
[0.344s] -- Up-to-date symlink: /home/leo/floor_estimate/ros_barometer-main/install/barometer_interfaces/include/barometer_interfaces/barometer_interfaces/msg/detail/barometer__rosidl_typesupport_fastrtps_c.h
[0.344s] -- Up-to-date symlink: /home/leo/floor_estimate/ros_barometer-main/install/barometer_interfaces/include/barometer_interfaces/barometer_interfaces/msg/detail/z_motion__rosidl_typesupport_fastrtps_c.h
[0.345s] -- Up-to-date symlink: /home/leo/floor_estimate/ros_barometer-main/install/barometer_interfaces/include/barometer_interfaces/barometer_interfaces/msg/rosidl_typesupport_fastrtps_c__visibility_control.h
[0.345s] -- Up-to-date symlink: /home/leo/floor_estimate/ros_barometer-main/install/barometer_interfaces/include/barometer_interfaces/barometer_interfaces/msg/detail/barometer__rosidl_typesupport_introspection_c.h
[0.345s] -- Up-to-date symlink: /home/leo/floor_estimate/ros_barometer-main/install/barometer_interfaces/include/barometer_interfaces/barometer_interfaces/msg/detail/z_motion__rosidl_typesupport_introspection_c.h
[0.345s] -- Up-to-date symlink: /home/leo/floor_estimate/ros_barometer-main/install/barometer_interfaces/include/barometer_interfaces/barometer_interfaces/msg/rosidl_typesupport_introspection_c__visibility_control.h
[0.345s] -- Up-to-date symlink: /home/leo/floor_estimate/ros_barometer-main/install/barometer_interfaces/include/barometer_interfaces/barometer_interfaces/msg/barometer.hpp
[0.345s] -- Up-to-date symlink: /home/leo/floor_estimate/ros_barometer-main/install/barometer_interfaces/include/barometer_interfaces/barometer_interfaces/msg/detail/barometer__builder.hpp
[0.345s] -- Up-to-date symlink: /home/leo/floor_estimate/ros_barometer-main/install/barometer_interfaces/include/barometer_interfaces/barometer_interfaces/msg/detail/barometer__struct.hpp
[0.345s] -- Up-to-date symlink: /home/leo/floor_estimate/ros_barometer-main/install/barometer_interfaces/include/barometer_interfaces/barometer_interfaces/msg/detail/barometer__traits.hpp
[0.346s] -- Up-to-date symlink: /home/leo/floor_estimate/ros_barometer-main/install/barometer_interfaces/include/barometer_interfaces/barometer_interfaces/msg/detail/barometer__type_support.hpp
[0.346s] -- Up-to-date symlink: /home/leo/floor_estimate/ros_barometer-main/install/barometer_interfaces/include/barometer_interfaces/barometer_interfaces/msg/detail/z_motion__builder.hpp
[0.346s] -- Up-to-date symlink: /home/leo/floor_estimate/ros_barometer-main/install/barometer_interfaces/include/barometer_interfaces/barometer_interfaces/msg/detail/z_motion__struct.hpp
[0.346s] -- Up-to-date symlink: /home/leo/floor_estimate/ros_barometer-main/install/barometer_interfaces/include/barometer_interfaces/barometer_interfaces/msg/detail/z_motion__traits.hpp
[0.346s] -- Up-to-date symlink: /home/leo/floor_estimate/ros_barometer-main/install/barometer_interfaces/include/barometer_interfaces/barometer_interfaces/msg/detail/z_motion__type_support.hpp
[0.346s] -- Up-to-date symlink: /home/leo/floor_estimate/ros_barometer-main/install/barometer_interfaces/include/barometer_interfaces/barometer_interfaces/msg/rosidl_generator_cpp__visibility_control.hpp
[0.346s] -- Up-to-date symlink: /home/leo/floor_estimate/ros_barometer-main/install/barometer_interfaces/include/barometer_interfaces/barometer_interfaces/msg/z_motion.hpp
[0.346s] -- Up-to-date symlink: /home/leo/floor_estimate/ros_barometer-main/install/barometer_interfaces/include/barometer_interfaces/barometer_interfaces/msg/detail/barometer__rosidl_typesupport_fastrtps_cpp.hpp
[0.346s] -- Up-to-date symlink: /home/leo/floor_estimate/ros_barometer-main/install/barometer_interfaces/include/barometer_interfaces/barometer_interfaces/msg/detail/z_motion__rosidl_typesupport_fastrtps_cpp.hpp
[0.347s] -- Up-to-date symlink: /home/leo/floor_estimate/ros_barometer-main/install/barometer_interfaces/include/barometer_interfaces/barometer_interfaces/msg/rosidl_typesupport_fastrtps_cpp__visibility_control.h
[0.347s] -- Up-to-date symlink: /home/leo/floor_estimate/ros_barometer-main/install/barometer_interfaces/include/barometer_interfaces/barometer_interfaces/msg/detail/barometer__rosidl_typesupport_introspection_cpp.hpp
[0.347s] -- Up-to-date symlink: /home/leo/floor_estimate/ros_barometer-main/install/barometer_interfaces/include/barometer_interfaces/barometer_interfaces/msg/detail/z_motion__rosidl_typesupport_introspection_cpp.hpp
[0.347s] -- Up-to-date symlink: /home/leo/floor_estimate/ros_barometer-main/install/barometer_interfaces/share/barometer_interfaces/environment/pythonpath.sh
[0.347s] -- Up-to-date symlink: /home/leo/floor_estimate/ros_barometer-main/install/barometer_interfaces/share/barometer_interfaces/environment/pythonpath.dsv
[0.347s] -- Up-to-date symlink: /home/leo/floor_estimate/ros_barometer-main/install/barometer_interfaces/local/lib/python3.10/dist-packages/barometer_interfaces-0.0.0-py3.10.egg-info/PKG-INFO
[0.347s] -- Up-to-date symlink: /home/leo/floor_estimate/ros_barometer-main/install/barometer_interfaces/local/lib/python3.10/dist-packages/barometer_interfaces-0.0.0-py3.10.egg-info/SOURCES.txt
[0.348s] -- Up-to-date symlink: /home/leo/floor_estimate/ros_barometer-main/install/barometer_interfaces/local/lib/python3.10/dist-packages/barometer_interfaces-0.0.0-py3.10.egg-info/dependency_links.txt
[0.348s] -- Up-to-date symlink: /home/leo/floor_estimate/ros_barometer-main/install/barometer_interfaces/local/lib/python3.10/dist-packages/barometer_interfaces-0.0.0-py3.10.egg-info/top_level.txt
[0.348s] -- Up-to-date symlink: /home/leo/floor_estimate/ros_barometer-main/install/barometer_interfaces/local/lib/python3.10/dist-packages/barometer_interfaces/__init__.py
[0.348s] -- Up-to-date symlink: /home/leo/floor_estimate/ros_barometer-main/install/barometer_interfaces/local/lib/python3.10/dist-packages/barometer_interfaces/_barometer_interfaces_s.ep.rosidl_typesupport_c.c
[0.348s] -- Up-to-date symlink: /home/leo/floor_estimate/ros_barometer-main/install/barometer_interfaces/local/lib/python3.10/dist-packages/barometer_interfaces/_barometer_interfaces_s.ep.rosidl_typesupport_fastrtps_c.c
[0.348s] -- Up-to-date symlink: /home/leo/floor_estimate/ros_barometer-main/install/barometer_interfaces/local/lib/python3.10/dist-packages/barometer_interfaces/_barometer_interfaces_s.ep.rosidl_typesupport_introspection_c.c
[0.348s] -- Up-to-date symlink: /home/leo/floor_estimate/ros_barometer-main/install/barometer_interfaces/local/lib/python3.10/dist-packages/barometer_interfaces/barometer_interfaces_s__rosidl_typesupport_c.cpython-310-x86_64-linux-gnu.so
[0.349s] -- Up-to-date symlink: /home/leo/floor_estimate/ros_barometer-main/install/barometer_interfaces/local/lib/python3.10/dist-packages/barometer_interfaces/barometer_interfaces_s__rosidl_typesupport_fastrtps_c.cpython-310-x86_64-linux-gnu.so
[0.349s] -- Up-to-date symlink: /home/leo/floor_estimate/ros_barometer-main/install/barometer_interfaces/local/lib/python3.10/dist-packages/barometer_interfaces/barometer_interfaces_s__rosidl_typesupport_introspection_c.cpython-310-x86_64-linux-gnu.so
[0.349s] -- Up-to-date symlink: /home/leo/floor_estimate/ros_barometer-main/install/barometer_interfaces/local/lib/python3.10/dist-packages/barometer_interfaces/libbarometer_interfaces__rosidl_generator_py.so
[0.349s] -- Up-to-date symlink: /home/leo/floor_estimate/ros_barometer-main/install/barometer_interfaces/local/lib/python3.10/dist-packages/barometer_interfaces/msg/__init__.py
[0.349s] -- Up-to-date symlink: /home/leo/floor_estimate/ros_barometer-main/install/barometer_interfaces/local/lib/python3.10/dist-packages/barometer_interfaces/msg/_barometer.py
[0.349s] -- Up-to-date symlink: /home/leo/floor_estimate/ros_barometer-main/install/barometer_interfaces/local/lib/python3.10/dist-packages/barometer_interfaces/msg/_barometer_s.c
[0.349s] -- Up-to-date symlink: /home/leo/floor_estimate/ros_barometer-main/install/barometer_interfaces/local/lib/python3.10/dist-packages/barometer_interfaces/msg/_z_motion.py
[0.349s] -- Up-to-date symlink: /home/leo/floor_estimate/ros_barometer-main/install/barometer_interfaces/local/lib/python3.10/dist-packages/barometer_interfaces/msg/_z_motion_s.c
[0.349s] -- Up-to-date symlink: /home/leo/floor_estimate/ros_barometer-main/install/barometer_interfaces/local/lib/python3.10/dist-packages/barometer_interfaces/barometer_interfaces_s__rosidl_typesupport_fastrtps_c.cpython-310-x86_64-linux-gnu.so
[0.349s] -- Up-to-date symlink: /home/leo/floor_estimate/ros_barometer-main/install/barometer_interfaces/local/lib/python3.10/dist-packages/barometer_interfaces/barometer_interfaces_s__rosidl_typesupport_introspection_c.cpython-310-x86_64-linux-gnu.so
[0.350s] -- Up-to-date symlink: /home/leo/floor_estimate/ros_barometer-main/install/barometer_interfaces/local/lib/python3.10/dist-packages/barometer_interfaces/barometer_interfaces_s__rosidl_typesupport_c.cpython-310-x86_64-linux-gnu.so
[0.350s] -- Up-to-date symlink: /home/leo/floor_estimate/ros_barometer-main/install/barometer_interfaces/share/barometer_interfaces/msg/Barometer.idl
[0.350s] -- Up-to-date symlink: /home/leo/floor_estimate/ros_barometer-main/install/barometer_interfaces/share/barometer_interfaces/msg/ZMotion.idl
[0.350s] -- Up-to-date symlink: /home/leo/floor_estimate/ros_barometer-main/install/barometer_interfaces/share/barometer_interfaces/msg/Barometer.msg
[0.350s] -- Up-to-date symlink: /home/leo/floor_estimate/ros_barometer-main/install/barometer_interfaces/share/barometer_interfaces/msg/ZMotion.msg
[0.350s] -- Up-to-date symlink: /home/leo/floor_estimate/ros_barometer-main/install/barometer_interfaces/share/ament_index/resource_index/package_run_dependencies/barometer_interfaces
[0.350s] -- Up-to-date symlink: /home/leo/floor_estimate/ros_barometer-main/install/barometer_interfaces/share/ament_index/resource_index/parent_prefix_path/barometer_interfaces
[0.351s] -- Up-to-date symlink: /home/leo/floor_estimate/ros_barometer-main/install/barometer_interfaces/share/barometer_interfaces/environment/ament_prefix_path.sh
[0.351s] -- Up-to-date symlink: /home/leo/floor_estimate/ros_barometer-main/install/barometer_interfaces/share/barometer_interfaces/environment/ament_prefix_path.dsv
[0.351s] -- Up-to-date symlink: /home/leo/floor_estimate/ros_barometer-main/install/barometer_interfaces/share/barometer_interfaces/environment/path.sh
[0.351s] -- Up-to-date symlink: /home/leo/floor_estimate/ros_barometer-main/install/barometer_interfaces/share/barometer_interfaces/environment/path.dsv
[0.351s] -- Up-to-date symlink: /home/leo/floor_estimate/ros_barometer-main/install/barometer_interfaces/share/barometer_interfaces/local_setup.bash
[0.351s] -- Up-to-date symlink: /home/leo/floor_estimate/ros_barometer-main/install/barometer_interfaces/share/barometer_interfaces/local_setup.sh
[0.351s] -- Up-to-date symlink: /home/leo/floor_estimate/ros_barometer-main/install/barometer_interfaces/share/barometer_interfaces/local_setup.zsh
[0.352s] -- Up-to-date symlink: /home/leo/floor_estimate/ros_barometer-main/install/barometer_interfaces/share/barometer_interfaces/local_setup.dsv
[0.352s] -- Symlinking: /home/leo/floor_estimate/ros_barometer-main/install/barometer_interfaces/share/barometer_interfaces/package.dsv
[0.360s] -- Up-to-date symlink: /home/leo/floor_estimate/ros_barometer-main/install/barometer_interfaces/share/ament_index/resource_index/packages/barometer_interfaces
[0.361s] -- Up-to-date symlink: /home/leo/floor_estimate/ros_barometer-main/install/barometer_interfaces/share/barometer_interfaces/cmake/rosidl_cmake-extras.cmake
[0.361s] -- Up-to-date symlink: /home/leo/floor_estimate/ros_barometer-main/install/barometer_interfaces/share/barometer_interfaces/cmake/ament_cmake_export_dependencies-extras.cmake
[0.361s] -- Up-to-date symlink: /home/leo/floor_estimate/ros_barometer-main/install/barometer_interfaces/share/barometer_interfaces/cmake/ament_cmake_export_include_directories-extras.cmake
[0.361s] -- Up-to-date symlink: /home/leo/floor_estimate/ros_barometer-main/install/barometer_interfaces/share/barometer_interfaces/cmake/ament_cmake_export_libraries-extras.cmake
[0.361s] -- Up-to-date symlink: /home/leo/floor_estimate/ros_barometer-main/install/barometer_interfaces/share/barometer_interfaces/cmake/ament_cmake_export_targets-extras.cmake
[0.361s] -- Up-to-date symlink: /home/leo/floor_estimate/ros_barometer-main/install/barometer_interfaces/share/barometer_interfaces/cmake/rosidl_cmake_export_typesupport_targets-extras.cmake
[0.361s] -- Up-to-date symlink: /home/leo/floor_estimate/ros_barometer-main/install/barometer_interfaces/share/barometer_interfaces/cmake/rosidl_cmake_export_typesupport_libraries-extras.cmake
[0.362s] -- Up-to-date symlink: /home/leo/floor_estimate/ros_barometer-main/install/barometer_interfaces/share/barometer_interfaces/cmake/barometer_interfacesConfig.cmake
[0.362s] -- Up-to-date symlink: /home/leo/floor_estimate/ros_barometer-main/install/barometer_interfaces/share/barometer_interfaces/cmake/barometer_interfacesConfig-version.cmake
[0.362s] -- Up-to-date symlink: /home/leo/floor_estimate/ros_barometer-main/install/barometer_interfaces/share/barometer_interfaces/package.xml
[0.362s] -- Up-to-date: /home/leo/floor_estimate/ros_barometer-main/install/barometer_interfaces/lib/libbarometer_interfaces__rosidl_generator_c.so
[0.362s] -- Up-to-date: /home/leo/floor_estimate/ros_barometer-main/install/barometer_interfaces/lib/libbarometer_interfaces__rosidl_typesupport_fastrtps_c.so
[0.363s] -- Up-to-date: /home/leo/floor_estimate/ros_barometer-main/install/barometer_interfaces/lib/libbarometer_interfaces__rosidl_typesupport_introspection_c.so
[0.363s] -- Up-to-date: /home/leo/floor_estimate/ros_barometer-main/install/barometer_interfaces/lib/libbarometer_interfaces__rosidl_typesupport_c.so
[0.363s] -- Up-to-date: /home/leo/floor_estimate/ros_barometer-main/install/barometer_interfaces/lib/libbarometer_interfaces__rosidl_typesupport_fastrtps_cpp.so
[0.363s] -- Up-to-date: /home/leo/floor_estimate/ros_barometer-main/install/barometer_interfaces/lib/libbarometer_interfaces__rosidl_typesupport_introspection_cpp.so
[0.364s] -- Up-to-date: /home/leo/floor_estimate/ros_barometer-main/install/barometer_interfaces/lib/libbarometer_interfaces__rosidl_typesupport_cpp.so
[0.387s] Listing '/home/leo/floor_estimate/ros_barometer-main/install/barometer_interfaces/local/lib/python3.10/dist-packages/barometer_interfaces'...
[0.388s] Listing '/home/leo/floor_estimate/ros_barometer-main/install/barometer_interfaces/local/lib/python3.10/dist-packages/barometer_interfaces/msg'...
[0.391s] -- Up-to-date: /home/leo/floor_estimate/ros_barometer-main/install/barometer_interfaces/lib/libbarometer_interfaces__rosidl_generator_py.so
[0.391s] -- Up-to-date: /home/leo/floor_estimate/ros_barometer-main/install/barometer_interfaces/share/barometer_interfaces/cmake/export_barometer_interfaces__rosidl_generator_cExport.cmake
[0.391s] -- Up-to-date: /home/leo/floor_estimate/ros_barometer-main/install/barometer_interfaces/share/barometer_interfaces/cmake/export_barometer_interfaces__rosidl_generator_cExport-noconfig.cmake
[0.391s] -- Up-to-date: /home/leo/floor_estimate/ros_barometer-main/install/barometer_interfaces/share/barometer_interfaces/cmake/export_barometer_interfaces__rosidl_typesupport_fastrtps_cExport.cmake
[0.392s] -- Up-to-date: /home/leo/floor_estimate/ros_barometer-main/install/barometer_interfaces/share/barometer_interfaces/cmake/export_barometer_interfaces__rosidl_typesupport_fastrtps_cExport-noconfig.cmake
[0.392s] -- Up-to-date: /home/leo/floor_estimate/ros_barometer-main/install/barometer_interfaces/share/barometer_interfaces/cmake/barometer_interfaces__rosidl_typesupport_introspection_cExport.cmake
[0.392s] -- Up-to-date: /home/leo/floor_estimate/ros_barometer-main/install/barometer_interfaces/share/barometer_interfaces/cmake/barometer_interfaces__rosidl_typesupport_introspection_cExport-noconfig.cmake
[0.392s] -- Up-to-date: /home/leo/floor_estimate/ros_barometer-main/install/barometer_interfaces/share/barometer_interfaces/cmake/barometer_interfaces__rosidl_typesupport_cExport.cmake
[0.392s] -- Up-to-date: /home/leo/floor_estimate/ros_barometer-main/install/barometer_interfaces/share/barometer_interfaces/cmake/barometer_interfaces__rosidl_typesupport_cExport-noconfig.cmake
[0.392s] -- Up-to-date: /home/leo/floor_estimate/ros_barometer-main/install/barometer_interfaces/share/barometer_interfaces/cmake/export_barometer_interfaces__rosidl_generator_cppExport.cmake
[0.392s] -- Up-to-date: /home/leo/floor_estimate/ros_barometer-main/install/barometer_interfaces/share/barometer_interfaces/cmake/export_barometer_interfaces__rosidl_typesupport_fastrtps_cppExport.cmake
[0.392s] -- Up-to-date: /home/leo/floor_estimate/ros_barometer-main/install/barometer_interfaces/share/barometer_interfaces/cmake/export_barometer_interfaces__rosidl_typesupport_fastrtps_cppExport-noconfig.cmake
[0.392s] -- Up-to-date: /home/leo/floor_estimate/ros_barometer-main/install/barometer_interfaces/share/barometer_interfaces/cmake/barometer_interfaces__rosidl_typesupport_introspection_cppExport.cmake
[0.392s] -- Up-to-date: /home/leo/floor_estimate/ros_barometer-main/install/barometer_interfaces/share/barometer_interfaces/cmake/barometer_interfaces__rosidl_typesupport_introspection_cppExport-noconfig.cmake
[0.392s] -- Up-to-date: /home/leo/floor_estimate/ros_barometer-main/install/barometer_interfaces/share/barometer_interfaces/cmake/barometer_interfaces__rosidl_typesupport_cppExport.cmake
[0.393s] -- Up-to-date: /home/leo/floor_estimate/ros_barometer-main/install/barometer_interfaces/share/barometer_interfaces/cmake/barometer_interfaces__rosidl_typesupport_cppExport-noconfig.cmake
[0.393s] -- Up-to-date: /home/leo/floor_estimate/ros_barometer-main/install/barometer_interfaces/share/barometer_interfaces/cmake/export_barometer_interfaces__rosidl_generator_pyExport.cmake
[0.393s] -- Up-to-date: /home/leo/floor_estimate/ros_barometer-main/install/barometer_interfaces/share/barometer_interfaces/cmake/export_barometer_interfaces__rosidl_generator_pyExport-noconfig.cmake
[0.394s] Invoked command in '/home/leo/floor_estimate/ros_barometer-main/build/barometer_interfaces' returned '0': CMAKE_PREFIX_PATH=/opt/ros/humble /usr/bin/cmake --install /home/leo/floor_estimate/ros_barometer-main/build/barometer_interfaces
