-- The C compiler identification is GNU 9.5.0
-- The CXX compiler identification is GNU 11.4.0
-- Detecting C compiler ABI info
-- Detecting C compiler ABI info - done
-- Check for working C compiler: /usr/bin/cc - skipped
-- Detecting C compile features
-- Detecting C compile features - done
-- Detecting CXX compiler ABI info
-- Detecting CXX compiler ABI info - done
-- Check for working CXX compiler: /usr/bin/c++ - skipped
-- Detecting CXX compile features
-- Detecting CXX compile features - done
-- Found ament_cmake: 1.3.12 (/opt/ros/humble/share/ament_cmake/cmake)
-- Found Python3: /usr/bin/python3 (found version "3.10.12") found components: Interpreter 
-- Override CMake install command with custom implementation using symlinks instead of copying resources
-- Found rosidl_default_generators: 1.2.0 (/opt/ros/humble/share/rosidl_default_generators/cmake)
-- Using all available rosidl_typesupport_c: rosidl_typesupport_fastrtps_c;rosidl_typesupport_introspection_c
-- Found rosidl_adapter: 3.1.7 (/opt/ros/humble/share/rosidl_adapter/cmake)
-- Using all available rosidl_typesupport_cpp: rosidl_typesupport_fastrtps_cpp;rosidl_typesupport_introspection_cpp
-- Found std_msgs: 4.9.0 (/opt/ros/humble/share/std_msgs/cmake)
-- Found ament_cmake_ros: 0.10.0 (/opt/ros/humble/share/ament_cmake_ros/cmake)
-- Using all available rosidl_typesupport_c: rosidl_typesupport_fastrtps_c;rosidl_typesupport_introspection_c
-- Using all available rosidl_typesupport_cpp: rosidl_typesupport_fastrtps_cpp;rosidl_typesupport_introspection_cpp
-- Found PythonInterp: /usr/bin/python3 (found suitable version "3.10.12", minimum required is "3.6") 
-- Found python_cmake_module: 0.10.0 (/opt/ros/humble/share/python_cmake_module/cmake)
-- Found PythonLibs: /usr/lib/x86_64-linux-gnu/libpython3.10.so (found suitable version "3.10.12", minimum required is "3.5") 
-- Using PYTHON_EXECUTABLE: /usr/bin/python3
-- Using PYTHON_INCLUDE_DIRS: /usr/include/python3.10
-- Using PYTHON_LIBRARIES: /usr/lib/x86_64-linux-gnu/libpython3.10.so
-- Found PythonExtra: .so  
-- Found ament_lint_auto: 0.12.14 (/opt/ros/humble/share/ament_lint_auto/cmake)
-- Added test 'lint_cmake' to check CMake code style
-- Added test 'xmllint' to check XML markup files
-- Configuring done
-- Generating done
-- Build files have been written to: /home/leo/floor_estimate/ros_barometer-main/build/barometer_interfaces
[  2%] Generating C code for ROS interfaces
[  5%] Generating C++ code for ROS interfaces
[  5%] Built target ament_cmake_python_symlink_barometer_interfaces
[  5%] Built target barometer_interfaces__cpp
running egg_info
creating barometer_interfaces.egg-info
writing barometer_interfaces.egg-info/PKG-INFO
writing dependency_links to barometer_interfaces.egg-info/dependency_links.txt
writing top-level names to barometer_interfaces.egg-info/top_level.txt
writing manifest file 'barometer_interfaces.egg-info/SOURCES.txt'
[  7%] Generating C++ type support dispatch for ROS interfaces
[ 10%] Generating C++ type support for eProsima Fast-RTPS
reading manifest file 'barometer_interfaces.egg-info/SOURCES.txt'
writing manifest file 'barometer_interfaces.egg-info/SOURCES.txt'
[ 12%] Generating C++ introspection for ROS interfaces
[ 17%] Building C object CMakeFiles/barometer_interfaces__rosidl_generator_c.dir/rosidl_generator_c/barometer_interfaces/msg/detail/barometer__functions.c.o
[ 17%] Building C object CMakeFiles/barometer_interfaces__rosidl_generator_c.dir/rosidl_generator_c/barometer_interfaces/msg/detail/z_motion__functions.c.o
[ 17%] Built target ament_cmake_python_build_barometer_interfaces_egg
[ 20%] Linking C shared library libbarometer_interfaces__rosidl_generator_c.so
[ 20%] Built target barometer_interfaces__rosidl_generator_c
[ 28%] Generating C type support for eProsima Fast-RTPS
[ 28%] Generating C introspection for ROS interfaces
[ 28%] Generating C type support dispatch for ROS interfaces
[ 30%] Building CXX object CMakeFiles/barometer_interfaces__rosidl_typesupport_cpp.dir/rosidl_typesupport_cpp/barometer_interfaces/msg/barometer__type_support.cpp.o
[ 33%] Building CXX object CMakeFiles/barometer_interfaces__rosidl_typesupport_cpp.dir/rosidl_typesupport_cpp/barometer_interfaces/msg/z_motion__type_support.cpp.o
[ 38%] Building CXX object CMakeFiles/barometer_interfaces__rosidl_typesupport_introspection_cpp.dir/rosidl_typesupport_introspection_cpp/barometer_interfaces/msg/detail/z_motion__type_support.cpp.o
[ 38%] Building CXX object CMakeFiles/barometer_interfaces__rosidl_typesupport_introspection_cpp.dir/rosidl_typesupport_introspection_cpp/barometer_interfaces/msg/detail/barometer__type_support.cpp.o
[ 41%] Building CXX object CMakeFiles/barometer_interfaces__rosidl_typesupport_fastrtps_cpp.dir/rosidl_typesupport_fastrtps_cpp/barometer_interfaces/msg/detail/dds_fastrtps/barometer__type_support.cpp.o
[ 43%] Building CXX object CMakeFiles/barometer_interfaces__rosidl_typesupport_fastrtps_cpp.dir/rosidl_typesupport_fastrtps_cpp/barometer_interfaces/msg/detail/dds_fastrtps/z_motion__type_support.cpp.o
[ 46%] Building CXX object CMakeFiles/barometer_interfaces__rosidl_typesupport_c.dir/rosidl_typesupport_c/barometer_interfaces/msg/barometer__type_support.cpp.o
[ 48%] Building CXX object CMakeFiles/barometer_interfaces__rosidl_typesupport_c.dir/rosidl_typesupport_c/barometer_interfaces/msg/z_motion__type_support.cpp.o
[ 51%] Building C object CMakeFiles/barometer_interfaces__rosidl_typesupport_introspection_c.dir/rosidl_typesupport_introspection_c/barometer_interfaces/msg/detail/barometer__type_support.c.o
[ 53%] Building C object CMakeFiles/barometer_interfaces__rosidl_typesupport_introspection_c.dir/rosidl_typesupport_introspection_c/barometer_interfaces/msg/detail/z_motion__type_support.c.o
[ 58%] Building CXX object CMakeFiles/barometer_interfaces__rosidl_typesupport_fastrtps_c.dir/rosidl_typesupport_fastrtps_c/barometer_interfaces/msg/detail/barometer__type_support_c.cpp.o
[ 58%] Building CXX object CMakeFiles/barometer_interfaces__rosidl_typesupport_fastrtps_c.dir/rosidl_typesupport_fastrtps_c/barometer_interfaces/msg/detail/z_motion__type_support_c.cpp.o
[ 61%] Linking CXX shared library libbarometer_interfaces__rosidl_typesupport_c.so
[ 64%] Linking C shared library libbarometer_interfaces__rosidl_typesupport_introspection_c.so
[ 64%] Built target barometer_interfaces__rosidl_typesupport_c
[ 64%] Built target barometer_interfaces__rosidl_typesupport_introspection_c
[ 66%] Linking CXX shared library libbarometer_interfaces__rosidl_typesupport_cpp.so
[ 66%] Built target barometer_interfaces__rosidl_typesupport_cpp
[ 69%] Linking CXX shared library libbarometer_interfaces__rosidl_typesupport_introspection_cpp.so
[ 71%] Linking CXX shared library libbarometer_interfaces__rosidl_typesupport_fastrtps_cpp.so
[ 74%] Linking CXX shared library libbarometer_interfaces__rosidl_typesupport_fastrtps_c.so
[ 74%] Built target barometer_interfaces__rosidl_typesupport_introspection_cpp
[ 74%] Built target barometer_interfaces__rosidl_typesupport_fastrtps_cpp
[ 74%] Built target barometer_interfaces__rosidl_typesupport_fastrtps_c
[ 74%] Built target barometer_interfaces
[ 76%] Generating Python code for ROS interfaces
[ 76%] Built target barometer_interfaces__py
[ 82%] Building C object CMakeFiles/barometer_interfaces__rosidl_generator_py.dir/rosidl_generator_py/barometer_interfaces/msg/_z_motion_s.c.o
[ 82%] Building C object CMakeFiles/barometer_interfaces__rosidl_generator_py.dir/rosidl_generator_py/barometer_interfaces/msg/_barometer_s.c.o
[ 84%] Linking C shared library rosidl_generator_py/barometer_interfaces/libbarometer_interfaces__rosidl_generator_py.so
[ 84%] Built target barometer_interfaces__rosidl_generator_py
[ 89%] Building C object CMakeFiles/barometer_interfaces__rosidl_typesupport_fastrtps_c__pyext.dir/rosidl_generator_py/barometer_interfaces/_barometer_interfaces_s.ep.rosidl_typesupport_fastrtps_c.c.o
[ 89%] Building C object CMakeFiles/barometer_interfaces__rosidl_typesupport_introspection_c__pyext.dir/rosidl_generator_py/barometer_interfaces/_barometer_interfaces_s.ep.rosidl_typesupport_introspection_c.c.o
[ 92%] Building C object CMakeFiles/barometer_interfaces__rosidl_typesupport_c__pyext.dir/rosidl_generator_py/barometer_interfaces/_barometer_interfaces_s.ep.rosidl_typesupport_c.c.o
[100%] Linking C shared library rosidl_generator_py/barometer_interfaces/barometer_interfaces_s__rosidl_typesupport_fastrtps_c.cpython-310-x86_64-linux-gnu.so
[100%] Linking C shared library rosidl_generator_py/barometer_interfaces/barometer_interfaces_s__rosidl_typesupport_c.cpython-310-x86_64-linux-gnu.so
[100%] Linking C shared library rosidl_generator_py/barometer_interfaces/barometer_interfaces_s__rosidl_typesupport_introspection_c.cpython-310-x86_64-linux-gnu.so
[100%] Built target barometer_interfaces__rosidl_typesupport_fastrtps_c__pyext
[100%] Built target barometer_interfaces__rosidl_typesupport_introspection_c__pyext
[100%] Built target barometer_interfaces__rosidl_typesupport_c__pyext
-- Install configuration: ""
-- Execute custom install script
-- Symlinking: /home/leo/floor_estimate/ros_barometer-main/install/barometer_interfaces/share/ament_index/resource_index/rosidl_interfaces/barometer_interfaces
-- Symlinking: /home/leo/floor_estimate/ros_barometer-main/install/barometer_interfaces/include/barometer_interfaces/barometer_interfaces/msg/barometer.h
-- Symlinking: /home/leo/floor_estimate/ros_barometer-main/install/barometer_interfaces/include/barometer_interfaces/barometer_interfaces/msg/detail/barometer__functions.h
-- Symlinking: /home/leo/floor_estimate/ros_barometer-main/install/barometer_interfaces/include/barometer_interfaces/barometer_interfaces/msg/detail/barometer__struct.h
-- Symlinking: /home/leo/floor_estimate/ros_barometer-main/install/barometer_interfaces/include/barometer_interfaces/barometer_interfaces/msg/detail/barometer__type_support.h
-- Symlinking: /home/leo/floor_estimate/ros_barometer-main/install/barometer_interfaces/include/barometer_interfaces/barometer_interfaces/msg/detail/z_motion__functions.h
-- Symlinking: /home/leo/floor_estimate/ros_barometer-main/install/barometer_interfaces/include/barometer_interfaces/barometer_interfaces/msg/detail/z_motion__struct.h
-- Symlinking: /home/leo/floor_estimate/ros_barometer-main/install/barometer_interfaces/include/barometer_interfaces/barometer_interfaces/msg/detail/z_motion__type_support.h
-- Symlinking: /home/leo/floor_estimate/ros_barometer-main/install/barometer_interfaces/include/barometer_interfaces/barometer_interfaces/msg/rosidl_generator_c__visibility_control.h
-- Symlinking: /home/leo/floor_estimate/ros_barometer-main/install/barometer_interfaces/include/barometer_interfaces/barometer_interfaces/msg/z_motion.h
-- Symlinking: /home/leo/floor_estimate/ros_barometer-main/install/barometer_interfaces/share/barometer_interfaces/environment/library_path.sh
-- Symlinking: /home/leo/floor_estimate/ros_barometer-main/install/barometer_interfaces/share/barometer_interfaces/environment/library_path.dsv
-- Symlinking: /home/leo/floor_estimate/ros_barometer-main/install/barometer_interfaces/include/barometer_interfaces/barometer_interfaces/msg/detail/barometer__rosidl_typesupport_fastrtps_c.h
-- Symlinking: /home/leo/floor_estimate/ros_barometer-main/install/barometer_interfaces/include/barometer_interfaces/barometer_interfaces/msg/detail/z_motion__rosidl_typesupport_fastrtps_c.h
-- Symlinking: /home/leo/floor_estimate/ros_barometer-main/install/barometer_interfaces/include/barometer_interfaces/barometer_interfaces/msg/rosidl_typesupport_fastrtps_c__visibility_control.h
-- Symlinking: /home/leo/floor_estimate/ros_barometer-main/install/barometer_interfaces/include/barometer_interfaces/barometer_interfaces/msg/detail/barometer__rosidl_typesupport_introspection_c.h
-- Symlinking: /home/leo/floor_estimate/ros_barometer-main/install/barometer_interfaces/include/barometer_interfaces/barometer_interfaces/msg/detail/z_motion__rosidl_typesupport_introspection_c.h
-- Symlinking: /home/leo/floor_estimate/ros_barometer-main/install/barometer_interfaces/include/barometer_interfaces/barometer_interfaces/msg/rosidl_typesupport_introspection_c__visibility_control.h
-- Symlinking: /home/leo/floor_estimate/ros_barometer-main/install/barometer_interfaces/include/barometer_interfaces/barometer_interfaces/msg/barometer.hpp
-- Symlinking: /home/leo/floor_estimate/ros_barometer-main/install/barometer_interfaces/include/barometer_interfaces/barometer_interfaces/msg/detail/barometer__builder.hpp
-- Symlinking: /home/leo/floor_estimate/ros_barometer-main/install/barometer_interfaces/include/barometer_interfaces/barometer_interfaces/msg/detail/barometer__struct.hpp
-- Symlinking: /home/leo/floor_estimate/ros_barometer-main/install/barometer_interfaces/include/barometer_interfaces/barometer_interfaces/msg/detail/barometer__traits.hpp
-- Symlinking: /home/leo/floor_estimate/ros_barometer-main/install/barometer_interfaces/include/barometer_interfaces/barometer_interfaces/msg/detail/barometer__type_support.hpp
-- Symlinking: /home/leo/floor_estimate/ros_barometer-main/install/barometer_interfaces/include/barometer_interfaces/barometer_interfaces/msg/detail/z_motion__builder.hpp
-- Symlinking: /home/leo/floor_estimate/ros_barometer-main/install/barometer_interfaces/include/barometer_interfaces/barometer_interfaces/msg/detail/z_motion__struct.hpp
-- Symlinking: /home/leo/floor_estimate/ros_barometer-main/install/barometer_interfaces/include/barometer_interfaces/barometer_interfaces/msg/detail/z_motion__traits.hpp
-- Symlinking: /home/leo/floor_estimate/ros_barometer-main/install/barometer_interfaces/include/barometer_interfaces/barometer_interfaces/msg/detail/z_motion__type_support.hpp
-- Symlinking: /home/leo/floor_estimate/ros_barometer-main/install/barometer_interfaces/include/barometer_interfaces/barometer_interfaces/msg/rosidl_generator_cpp__visibility_control.hpp
-- Symlinking: /home/leo/floor_estimate/ros_barometer-main/install/barometer_interfaces/include/barometer_interfaces/barometer_interfaces/msg/z_motion.hpp
-- Symlinking: /home/leo/floor_estimate/ros_barometer-main/install/barometer_interfaces/include/barometer_interfaces/barometer_interfaces/msg/detail/barometer__rosidl_typesupport_fastrtps_cpp.hpp
-- Symlinking: /home/leo/floor_estimate/ros_barometer-main/install/barometer_interfaces/include/barometer_interfaces/barometer_interfaces/msg/detail/z_motion__rosidl_typesupport_fastrtps_cpp.hpp
-- Symlinking: /home/leo/floor_estimate/ros_barometer-main/install/barometer_interfaces/include/barometer_interfaces/barometer_interfaces/msg/rosidl_typesupport_fastrtps_cpp__visibility_control.h
-- Symlinking: /home/leo/floor_estimate/ros_barometer-main/install/barometer_interfaces/include/barometer_interfaces/barometer_interfaces/msg/detail/barometer__rosidl_typesupport_introspection_cpp.hpp
-- Symlinking: /home/leo/floor_estimate/ros_barometer-main/install/barometer_interfaces/include/barometer_interfaces/barometer_interfaces/msg/detail/z_motion__rosidl_typesupport_introspection_cpp.hpp
-- Symlinking: /home/leo/floor_estimate/ros_barometer-main/install/barometer_interfaces/share/barometer_interfaces/environment/pythonpath.sh
-- Symlinking: /home/leo/floor_estimate/ros_barometer-main/install/barometer_interfaces/share/barometer_interfaces/environment/pythonpath.dsv
-- Symlinking: /home/leo/floor_estimate/ros_barometer-main/install/barometer_interfaces/local/lib/python3.10/dist-packages/barometer_interfaces-0.0.0-py3.10.egg-info/PKG-INFO
-- Symlinking: /home/leo/floor_estimate/ros_barometer-main/install/barometer_interfaces/local/lib/python3.10/dist-packages/barometer_interfaces-0.0.0-py3.10.egg-info/SOURCES.txt
-- Symlinking: /home/leo/floor_estimate/ros_barometer-main/install/barometer_interfaces/local/lib/python3.10/dist-packages/barometer_interfaces-0.0.0-py3.10.egg-info/dependency_links.txt
-- Symlinking: /home/leo/floor_estimate/ros_barometer-main/install/barometer_interfaces/local/lib/python3.10/dist-packages/barometer_interfaces-0.0.0-py3.10.egg-info/top_level.txt
-- Symlinking: /home/leo/floor_estimate/ros_barometer-main/install/barometer_interfaces/local/lib/python3.10/dist-packages/barometer_interfaces/__init__.py
-- Symlinking: /home/leo/floor_estimate/ros_barometer-main/install/barometer_interfaces/local/lib/python3.10/dist-packages/barometer_interfaces/_barometer_interfaces_s.ep.rosidl_typesupport_c.c
-- Symlinking: /home/leo/floor_estimate/ros_barometer-main/install/barometer_interfaces/local/lib/python3.10/dist-packages/barometer_interfaces/_barometer_interfaces_s.ep.rosidl_typesupport_fastrtps_c.c
-- Symlinking: /home/leo/floor_estimate/ros_barometer-main/install/barometer_interfaces/local/lib/python3.10/dist-packages/barometer_interfaces/_barometer_interfaces_s.ep.rosidl_typesupport_introspection_c.c
-- Symlinking: /home/leo/floor_estimate/ros_barometer-main/install/barometer_interfaces/local/lib/python3.10/dist-packages/barometer_interfaces/barometer_interfaces_s__rosidl_typesupport_c.cpython-310-x86_64-linux-gnu.so
-- Symlinking: /home/leo/floor_estimate/ros_barometer-main/install/barometer_interfaces/local/lib/python3.10/dist-packages/barometer_interfaces/barometer_interfaces_s__rosidl_typesupport_fastrtps_c.cpython-310-x86_64-linux-gnu.so
-- Symlinking: /home/leo/floor_estimate/ros_barometer-main/install/barometer_interfaces/local/lib/python3.10/dist-packages/barometer_interfaces/barometer_interfaces_s__rosidl_typesupport_introspection_c.cpython-310-x86_64-linux-gnu.so
-- Symlinking: /home/leo/floor_estimate/ros_barometer-main/install/barometer_interfaces/local/lib/python3.10/dist-packages/barometer_interfaces/libbarometer_interfaces__rosidl_generator_py.so
-- Symlinking: /home/leo/floor_estimate/ros_barometer-main/install/barometer_interfaces/local/lib/python3.10/dist-packages/barometer_interfaces/msg/__init__.py
-- Symlinking: /home/leo/floor_estimate/ros_barometer-main/install/barometer_interfaces/local/lib/python3.10/dist-packages/barometer_interfaces/msg/_barometer.py
-- Symlinking: /home/leo/floor_estimate/ros_barometer-main/install/barometer_interfaces/local/lib/python3.10/dist-packages/barometer_interfaces/msg/_barometer_s.c
-- Symlinking: /home/leo/floor_estimate/ros_barometer-main/install/barometer_interfaces/local/lib/python3.10/dist-packages/barometer_interfaces/msg/_z_motion.py
-- Symlinking: /home/leo/floor_estimate/ros_barometer-main/install/barometer_interfaces/local/lib/python3.10/dist-packages/barometer_interfaces/msg/_z_motion_s.c
-- Up-to-date symlink: /home/leo/floor_estimate/ros_barometer-main/install/barometer_interfaces/local/lib/python3.10/dist-packages/barometer_interfaces/barometer_interfaces_s__rosidl_typesupport_fastrtps_c.cpython-310-x86_64-linux-gnu.so
-- Up-to-date symlink: /home/leo/floor_estimate/ros_barometer-main/install/barometer_interfaces/local/lib/python3.10/dist-packages/barometer_interfaces/barometer_interfaces_s__rosidl_typesupport_introspection_c.cpython-310-x86_64-linux-gnu.so
-- Up-to-date symlink: /home/leo/floor_estimate/ros_barometer-main/install/barometer_interfaces/local/lib/python3.10/dist-packages/barometer_interfaces/barometer_interfaces_s__rosidl_typesupport_c.cpython-310-x86_64-linux-gnu.so
-- Symlinking: /home/leo/floor_estimate/ros_barometer-main/install/barometer_interfaces/share/barometer_interfaces/msg/Barometer.idl
-- Symlinking: /home/leo/floor_estimate/ros_barometer-main/install/barometer_interfaces/share/barometer_interfaces/msg/ZMotion.idl
-- Symlinking: /home/leo/floor_estimate/ros_barometer-main/install/barometer_interfaces/share/barometer_interfaces/msg/Barometer.msg
-- Symlinking: /home/leo/floor_estimate/ros_barometer-main/install/barometer_interfaces/share/barometer_interfaces/msg/ZMotion.msg
-- Symlinking: /home/leo/floor_estimate/ros_barometer-main/install/barometer_interfaces/share/ament_index/resource_index/package_run_dependencies/barometer_interfaces
-- Symlinking: /home/leo/floor_estimate/ros_barometer-main/install/barometer_interfaces/share/ament_index/resource_index/parent_prefix_path/barometer_interfaces
-- Symlinking: /home/leo/floor_estimate/ros_barometer-main/install/barometer_interfaces/share/barometer_interfaces/environment/ament_prefix_path.sh
-- Symlinking: /home/leo/floor_estimate/ros_barometer-main/install/barometer_interfaces/share/barometer_interfaces/environment/ament_prefix_path.dsv
-- Symlinking: /home/leo/floor_estimate/ros_barometer-main/install/barometer_interfaces/share/barometer_interfaces/environment/path.sh
-- Symlinking: /home/leo/floor_estimate/ros_barometer-main/install/barometer_interfaces/share/barometer_interfaces/environment/path.dsv
-- Symlinking: /home/leo/floor_estimate/ros_barometer-main/install/barometer_interfaces/share/barometer_interfaces/local_setup.bash
-- Symlinking: /home/leo/floor_estimate/ros_barometer-main/install/barometer_interfaces/share/barometer_interfaces/local_setup.sh
-- Symlinking: /home/leo/floor_estimate/ros_barometer-main/install/barometer_interfaces/share/barometer_interfaces/local_setup.zsh
-- Symlinking: /home/leo/floor_estimate/ros_barometer-main/install/barometer_interfaces/share/barometer_interfaces/local_setup.dsv
-- Symlinking: /home/leo/floor_estimate/ros_barometer-main/install/barometer_interfaces/share/barometer_interfaces/package.dsv
-- Symlinking: /home/leo/floor_estimate/ros_barometer-main/install/barometer_interfaces/share/ament_index/resource_index/packages/barometer_interfaces
-- Symlinking: /home/leo/floor_estimate/ros_barometer-main/install/barometer_interfaces/share/barometer_interfaces/cmake/rosidl_cmake-extras.cmake
-- Symlinking: /home/leo/floor_estimate/ros_barometer-main/install/barometer_interfaces/share/barometer_interfaces/cmake/ament_cmake_export_dependencies-extras.cmake
-- Symlinking: /home/leo/floor_estimate/ros_barometer-main/install/barometer_interfaces/share/barometer_interfaces/cmake/ament_cmake_export_include_directories-extras.cmake
-- Symlinking: /home/leo/floor_estimate/ros_barometer-main/install/barometer_interfaces/share/barometer_interfaces/cmake/ament_cmake_export_libraries-extras.cmake
-- Symlinking: /home/leo/floor_estimate/ros_barometer-main/install/barometer_interfaces/share/barometer_interfaces/cmake/ament_cmake_export_targets-extras.cmake
-- Symlinking: /home/leo/floor_estimate/ros_barometer-main/install/barometer_interfaces/share/barometer_interfaces/cmake/rosidl_cmake_export_typesupport_targets-extras.cmake
-- Symlinking: /home/leo/floor_estimate/ros_barometer-main/install/barometer_interfaces/share/barometer_interfaces/cmake/rosidl_cmake_export_typesupport_libraries-extras.cmake
-- Symlinking: /home/leo/floor_estimate/ros_barometer-main/install/barometer_interfaces/share/barometer_interfaces/cmake/barometer_interfacesConfig.cmake
-- Symlinking: /home/leo/floor_estimate/ros_barometer-main/install/barometer_interfaces/share/barometer_interfaces/cmake/barometer_interfacesConfig-version.cmake
-- Symlinking: /home/leo/floor_estimate/ros_barometer-main/install/barometer_interfaces/share/barometer_interfaces/package.xml
-- Installing: /home/leo/floor_estimate/ros_barometer-main/install/barometer_interfaces/lib/libbarometer_interfaces__rosidl_generator_c.so
-- Set runtime path of "/home/leo/floor_estimate/ros_barometer-main/install/barometer_interfaces/lib/libbarometer_interfaces__rosidl_generator_c.so" to ""
-- Installing: /home/leo/floor_estimate/ros_barometer-main/install/barometer_interfaces/lib/libbarometer_interfaces__rosidl_typesupport_fastrtps_c.so
-- Set runtime path of "/home/leo/floor_estimate/ros_barometer-main/install/barometer_interfaces/lib/libbarometer_interfaces__rosidl_typesupport_fastrtps_c.so" to ""
-- Installing: /home/leo/floor_estimate/ros_barometer-main/install/barometer_interfaces/lib/libbarometer_interfaces__rosidl_typesupport_introspection_c.so
-- Set runtime path of "/home/leo/floor_estimate/ros_barometer-main/install/barometer_interfaces/lib/libbarometer_interfaces__rosidl_typesupport_introspection_c.so" to ""
-- Installing: /home/leo/floor_estimate/ros_barometer-main/install/barometer_interfaces/lib/libbarometer_interfaces__rosidl_typesupport_c.so
-- Set runtime path of "/home/leo/floor_estimate/ros_barometer-main/install/barometer_interfaces/lib/libbarometer_interfaces__rosidl_typesupport_c.so" to ""
-- Installing: /home/leo/floor_estimate/ros_barometer-main/install/barometer_interfaces/lib/libbarometer_interfaces__rosidl_typesupport_fastrtps_cpp.so
-- Set runtime path of "/home/leo/floor_estimate/ros_barometer-main/install/barometer_interfaces/lib/libbarometer_interfaces__rosidl_typesupport_fastrtps_cpp.so" to ""
-- Installing: /home/leo/floor_estimate/ros_barometer-main/install/barometer_interfaces/lib/libbarometer_interfaces__rosidl_typesupport_introspection_cpp.so
-- Set runtime path of "/home/leo/floor_estimate/ros_barometer-main/install/barometer_interfaces/lib/libbarometer_interfaces__rosidl_typesupport_introspection_cpp.so" to ""
-- Installing: /home/leo/floor_estimate/ros_barometer-main/install/barometer_interfaces/lib/libbarometer_interfaces__rosidl_typesupport_cpp.so
-- Set runtime path of "/home/leo/floor_estimate/ros_barometer-main/install/barometer_interfaces/lib/libbarometer_interfaces__rosidl_typesupport_cpp.so" to ""
Listing '/home/leo/floor_estimate/ros_barometer-main/install/barometer_interfaces/local/lib/python3.10/dist-packages/barometer_interfaces'...
Compiling '/home/leo/floor_estimate/ros_barometer-main/install/barometer_interfaces/local/lib/python3.10/dist-packages/barometer_interfaces/__init__.py'...
Listing '/home/leo/floor_estimate/ros_barometer-main/install/barometer_interfaces/local/lib/python3.10/dist-packages/barometer_interfaces/msg'...
Compiling '/home/leo/floor_estimate/ros_barometer-main/install/barometer_interfaces/local/lib/python3.10/dist-packages/barometer_interfaces/msg/__init__.py'...
Compiling '/home/leo/floor_estimate/ros_barometer-main/install/barometer_interfaces/local/lib/python3.10/dist-packages/barometer_interfaces/msg/_barometer.py'...
Compiling '/home/leo/floor_estimate/ros_barometer-main/install/barometer_interfaces/local/lib/python3.10/dist-packages/barometer_interfaces/msg/_z_motion.py'...
-- Installing: /home/leo/floor_estimate/ros_barometer-main/install/barometer_interfaces/lib/libbarometer_interfaces__rosidl_generator_py.so
-- Set runtime path of "/home/leo/floor_estimate/ros_barometer-main/install/barometer_interfaces/lib/libbarometer_interfaces__rosidl_generator_py.so" to ""
-- Installing: /home/leo/floor_estimate/ros_barometer-main/install/barometer_interfaces/share/barometer_interfaces/cmake/export_barometer_interfaces__rosidl_generator_cExport.cmake
-- Installing: /home/leo/floor_estimate/ros_barometer-main/install/barometer_interfaces/share/barometer_interfaces/cmake/export_barometer_interfaces__rosidl_generator_cExport-noconfig.cmake
-- Installing: /home/leo/floor_estimate/ros_barometer-main/install/barometer_interfaces/share/barometer_interfaces/cmake/export_barometer_interfaces__rosidl_typesupport_fastrtps_cExport.cmake
-- Installing: /home/leo/floor_estimate/ros_barometer-main/install/barometer_interfaces/share/barometer_interfaces/cmake/export_barometer_interfaces__rosidl_typesupport_fastrtps_cExport-noconfig.cmake
-- Installing: /home/leo/floor_estimate/ros_barometer-main/install/barometer_interfaces/share/barometer_interfaces/cmake/barometer_interfaces__rosidl_typesupport_introspection_cExport.cmake
-- Installing: /home/leo/floor_estimate/ros_barometer-main/install/barometer_interfaces/share/barometer_interfaces/cmake/barometer_interfaces__rosidl_typesupport_introspection_cExport-noconfig.cmake
-- Installing: /home/leo/floor_estimate/ros_barometer-main/install/barometer_interfaces/share/barometer_interfaces/cmake/barometer_interfaces__rosidl_typesupport_cExport.cmake
-- Installing: /home/leo/floor_estimate/ros_barometer-main/install/barometer_interfaces/share/barometer_interfaces/cmake/barometer_interfaces__rosidl_typesupport_cExport-noconfig.cmake
-- Installing: /home/leo/floor_estimate/ros_barometer-main/install/barometer_interfaces/share/barometer_interfaces/cmake/export_barometer_interfaces__rosidl_generator_cppExport.cmake
-- Installing: /home/leo/floor_estimate/ros_barometer-main/install/barometer_interfaces/share/barometer_interfaces/cmake/export_barometer_interfaces__rosidl_typesupport_fastrtps_cppExport.cmake
-- Installing: /home/leo/floor_estimate/ros_barometer-main/install/barometer_interfaces/share/barometer_interfaces/cmake/export_barometer_interfaces__rosidl_typesupport_fastrtps_cppExport-noconfig.cmake
-- Installing: /home/leo/floor_estimate/ros_barometer-main/install/barometer_interfaces/share/barometer_interfaces/cmake/barometer_interfaces__rosidl_typesupport_introspection_cppExport.cmake
-- Installing: /home/leo/floor_estimate/ros_barometer-main/install/barometer_interfaces/share/barometer_interfaces/cmake/barometer_interfaces__rosidl_typesupport_introspection_cppExport-noconfig.cmake
-- Installing: /home/leo/floor_estimate/ros_barometer-main/install/barometer_interfaces/share/barometer_interfaces/cmake/barometer_interfaces__rosidl_typesupport_cppExport.cmake
-- Installing: /home/leo/floor_estimate/ros_barometer-main/install/barometer_interfaces/share/barometer_interfaces/cmake/barometer_interfaces__rosidl_typesupport_cppExport-noconfig.cmake
-- Installing: /home/leo/floor_estimate/ros_barometer-main/install/barometer_interfaces/share/barometer_interfaces/cmake/export_barometer_interfaces__rosidl_generator_pyExport.cmake
-- Installing: /home/leo/floor_estimate/ros_barometer-main/install/barometer_interfaces/share/barometer_interfaces/cmake/export_barometer_interfaces__rosidl_generator_pyExport-noconfig.cmake
