[0.010s] Invoking command in '/home/leo/floor_estimate/ros_barometer-main/build/barometer_interfaces': CMAKE_PREFIX_PATH=/opt/ros/humble /usr/bin/cmake --build /home/leo/floor_estimate/ros_barometer-main/build/barometer_interfaces -- -j16 -l16
[0.095s] [35m[1mConsolidate compiler generated dependencies of target barometer_interfaces__rosidl_generator_c[0m
[0.104s] [  2%] Built target barometer_interfaces__cpp
[0.110s] [  2%] Built target ament_cmake_python_symlink_barometer_interfaces
[0.115s] [ 12%] Built target barometer_interfaces__rosidl_generator_c
[0.116s] [35m[1mConsolidate compiler generated dependencies of target barometer_interfaces__rosidl_typesupport_cpp[0m
[0.116s] [35m[1mConsolidate compiler generated dependencies of target barometer_interfaces__rosidl_typesupport_introspection_cpp[0m
[0.117s] [35m[1mConsolidate compiler generated dependencies of target barometer_interfaces__rosidl_typesupport_fastrtps_cpp[0m
[0.128s] [35m[1mConsolidate compiler generated dependencies of target barometer_interfaces__rosidl_typesupport_c[0m
[0.128s] [35m[1mConsolidate compiler generated dependencies of target barometer_interfaces__rosidl_typesupport_fastrtps_c[0m
[0.128s] [35m[1mConsolidate compiler generated dependencies of target barometer_interfaces__rosidl_typesupport_introspection_c[0m
[0.139s] [ 74%] Built target barometer_interfaces__rosidl_typesupport_fastrtps_c
[0.139s] [ 74%] Built target barometer_interfaces__rosidl_typesupport_fastrtps_cpp
[0.139s] [ 74%] Built target barometer_interfaces__rosidl_typesupport_cpp
[0.139s] [ 74%] Built target barometer_interfaces__rosidl_typesupport_introspection_c
[0.140s] [ 74%] Built target barometer_interfaces__rosidl_typesupport_c
[0.140s] [ 74%] Built target barometer_interfaces__rosidl_typesupport_introspection_cpp
[0.158s] [ 74%] Built target barometer_interfaces
[0.183s] [ 76%] Built target barometer_interfaces__py
[0.195s] [35m[1mConsolidate compiler generated dependencies of target barometer_interfaces__rosidl_generator_py[0m
[0.214s] [ 84%] Built target barometer_interfaces__rosidl_generator_py
[0.224s] [35m[1mConsolidate compiler generated dependencies of target barometer_interfaces__rosidl_typesupport_introspection_c__pyext[0m
[0.224s] [35m[1mConsolidate compiler generated dependencies of target barometer_interfaces__rosidl_typesupport_c__pyext[0m
[0.225s] [35m[1mConsolidate compiler generated dependencies of target barometer_interfaces__rosidl_typesupport_fastrtps_c__pyext[0m
[0.235s] [ 94%] Built target barometer_interfaces__rosidl_typesupport_introspection_c__pyext
[0.235s] [ 94%] Built target barometer_interfaces__rosidl_typesupport_fastrtps_c__pyext
[0.235s] [100%] Built target barometer_interfaces__rosidl_typesupport_c__pyext
[0.334s] running egg_info
[0.334s] writing barometer_interfaces.egg-info/PKG-INFO
[0.335s] writing dependency_links to barometer_interfaces.egg-info/dependency_links.txt
[0.335s] writing top-level names to barometer_interfaces.egg-info/top_level.txt
[0.337s] reading manifest file 'barometer_interfaces.egg-info/SOURCES.txt'
[0.338s] writing manifest file 'barometer_interfaces.egg-info/SOURCES.txt'
[0.360s] [100%] Built target ament_cmake_python_build_barometer_interfaces_egg
[0.372s] Invoked command in '/home/leo/floor_estimate/ros_barometer-main/build/barometer_interfaces' returned '0': CMAKE_PREFIX_PATH=/opt/ros/humble /usr/bin/cmake --build /home/leo/floor_estimate/ros_barometer-main/build/barometer_interfaces -- -j16 -l16
[0.381s] Invoking command in '/home/leo/floor_estimate/ros_barometer-main/build/barometer_interfaces': CMAKE_PREFIX_PATH=/opt/ros/humble /usr/bin/cmake --install /home/leo/floor_estimate/ros_barometer-main/build/barometer_interfaces
[0.388s] -- Install configuration: ""
[0.388s] -- Execute custom install script
[0.389s] -- Up-to-date symlink: /home/leo/floor_estimate/ros_barometer-main/install/barometer_interfaces/share/ament_index/resource_index/rosidl_interfaces/barometer_interfaces
[0.390s] -- Up-to-date symlink: /home/leo/floor_estimate/ros_barometer-main/install/barometer_interfaces/include/barometer_interfaces/barometer_interfaces/msg/barometer.h
[0.391s] -- Up-to-date symlink: /home/leo/floor_estimate/ros_barometer-main/install/barometer_interfaces/include/barometer_interfaces/barometer_interfaces/msg/detail/barometer__functions.h
[0.391s] -- Up-to-date symlink: /home/leo/floor_estimate/ros_barometer-main/install/barometer_interfaces/include/barometer_interfaces/barometer_interfaces/msg/detail/barometer__struct.h
[0.391s] -- Up-to-date symlink: /home/leo/floor_estimate/ros_barometer-main/install/barometer_interfaces/include/barometer_interfaces/barometer_interfaces/msg/detail/barometer__type_support.h
[0.391s] -- Up-to-date symlink: /home/leo/floor_estimate/ros_barometer-main/install/barometer_interfaces/include/barometer_interfaces/barometer_interfaces/msg/detail/z_motion__functions.h
[0.391s] -- Up-to-date symlink: /home/leo/floor_estimate/ros_barometer-main/install/barometer_interfaces/include/barometer_interfaces/barometer_interfaces/msg/detail/z_motion__struct.h
[0.392s] -- Up-to-date symlink: /home/leo/floor_estimate/ros_barometer-main/install/barometer_interfaces/include/barometer_interfaces/barometer_interfaces/msg/detail/z_motion__type_support.h
[0.392s] -- Up-to-date symlink: /home/leo/floor_estimate/ros_barometer-main/install/barometer_interfaces/include/barometer_interfaces/barometer_interfaces/msg/rosidl_generator_c__visibility_control.h
[0.392s] -- Up-to-date symlink: /home/leo/floor_estimate/ros_barometer-main/install/barometer_interfaces/include/barometer_interfaces/barometer_interfaces/msg/z_motion.h
[0.393s] -- Up-to-date symlink: /home/leo/floor_estimate/ros_barometer-main/install/barometer_interfaces/share/barometer_interfaces/environment/library_path.sh
[0.393s] -- Up-to-date symlink: /home/leo/floor_estimate/ros_barometer-main/install/barometer_interfaces/share/barometer_interfaces/environment/library_path.dsv
[0.394s] -- Up-to-date symlink: /home/leo/floor_estimate/ros_barometer-main/install/barometer_interfaces/include/barometer_interfaces/barometer_interfaces/msg/detail/barometer__rosidl_typesupport_fastrtps_c.h
[0.394s] -- Up-to-date symlink: /home/leo/floor_estimate/ros_barometer-main/install/barometer_interfaces/include/barometer_interfaces/barometer_interfaces/msg/detail/z_motion__rosidl_typesupport_fastrtps_c.h
[0.394s] -- Up-to-date symlink: /home/leo/floor_estimate/ros_barometer-main/install/barometer_interfaces/include/barometer_interfaces/barometer_interfaces/msg/rosidl_typesupport_fastrtps_c__visibility_control.h
[0.394s] -- Up-to-date symlink: /home/leo/floor_estimate/ros_barometer-main/install/barometer_interfaces/include/barometer_interfaces/barometer_interfaces/msg/detail/barometer__rosidl_typesupport_introspection_c.h
[0.395s] -- Up-to-date symlink: /home/leo/floor_estimate/ros_barometer-main/install/barometer_interfaces/include/barometer_interfaces/barometer_interfaces/msg/detail/z_motion__rosidl_typesupport_introspection_c.h
[0.395s] -- Up-to-date symlink: /home/leo/floor_estimate/ros_barometer-main/install/barometer_interfaces/include/barometer_interfaces/barometer_interfaces/msg/rosidl_typesupport_introspection_c__visibility_control.h
[0.395s] -- Up-to-date symlink: /home/leo/floor_estimate/ros_barometer-main/install/barometer_interfaces/include/barometer_interfaces/barometer_interfaces/msg/barometer.hpp
[0.395s] -- Up-to-date symlink: /home/leo/floor_estimate/ros_barometer-main/install/barometer_interfaces/include/barometer_interfaces/barometer_interfaces/msg/detail/barometer__builder.hpp
[0.395s] -- Up-to-date symlink: /home/leo/floor_estimate/ros_barometer-main/install/barometer_interfaces/include/barometer_interfaces/barometer_interfaces/msg/detail/barometer__struct.hpp
[0.396s] -- Up-to-date symlink: /home/leo/floor_estimate/ros_barometer-main/install/barometer_interfaces/include/barometer_interfaces/barometer_interfaces/msg/detail/barometer__traits.hpp
[0.396s] -- Up-to-date symlink: /home/leo/floor_estimate/ros_barometer-main/install/barometer_interfaces/include/barometer_interfaces/barometer_interfaces/msg/detail/barometer__type_support.hpp
[0.396s] -- Up-to-date symlink: /home/leo/floor_estimate/ros_barometer-main/install/barometer_interfaces/include/barometer_interfaces/barometer_interfaces/msg/detail/z_motion__builder.hpp
[0.396s] -- Up-to-date symlink: /home/leo/floor_estimate/ros_barometer-main/install/barometer_interfaces/include/barometer_interfaces/barometer_interfaces/msg/detail/z_motion__struct.hpp
[0.396s] -- Up-to-date symlink: /home/leo/floor_estimate/ros_barometer-main/install/barometer_interfaces/include/barometer_interfaces/barometer_interfaces/msg/detail/z_motion__traits.hpp
[0.397s] -- Up-to-date symlink: /home/leo/floor_estimate/ros_barometer-main/install/barometer_interfaces/include/barometer_interfaces/barometer_interfaces/msg/detail/z_motion__type_support.hpp
[0.397s] -- Up-to-date symlink: /home/leo/floor_estimate/ros_barometer-main/install/barometer_interfaces/include/barometer_interfaces/barometer_interfaces/msg/rosidl_generator_cpp__visibility_control.hpp
[0.397s] -- Up-to-date symlink: /home/leo/floor_estimate/ros_barometer-main/install/barometer_interfaces/include/barometer_interfaces/barometer_interfaces/msg/z_motion.hpp
[0.398s] -- Up-to-date symlink: /home/leo/floor_estimate/ros_barometer-main/install/barometer_interfaces/include/barometer_interfaces/barometer_interfaces/msg/detail/barometer__rosidl_typesupport_fastrtps_cpp.hpp
[0.398s] -- Up-to-date symlink: /home/leo/floor_estimate/ros_barometer-main/install/barometer_interfaces/include/barometer_interfaces/barometer_interfaces/msg/detail/z_motion__rosidl_typesupport_fastrtps_cpp.hpp
[0.398s] -- Up-to-date symlink: /home/leo/floor_estimate/ros_barometer-main/install/barometer_interfaces/include/barometer_interfaces/barometer_interfaces/msg/rosidl_typesupport_fastrtps_cpp__visibility_control.h
[0.399s] -- Up-to-date symlink: /home/leo/floor_estimate/ros_barometer-main/install/barometer_interfaces/include/barometer_interfaces/barometer_interfaces/msg/detail/barometer__rosidl_typesupport_introspection_cpp.hpp
[0.399s] -- Up-to-date symlink: /home/leo/floor_estimate/ros_barometer-main/install/barometer_interfaces/include/barometer_interfaces/barometer_interfaces/msg/detail/z_motion__rosidl_typesupport_introspection_cpp.hpp
[0.399s] -- Up-to-date symlink: /home/leo/floor_estimate/ros_barometer-main/install/barometer_interfaces/share/barometer_interfaces/environment/pythonpath.sh
[0.399s] -- Up-to-date symlink: /home/leo/floor_estimate/ros_barometer-main/install/barometer_interfaces/share/barometer_interfaces/environment/pythonpath.dsv
[0.400s] -- Up-to-date symlink: /home/leo/floor_estimate/ros_barometer-main/install/barometer_interfaces/local/lib/python3.10/dist-packages/barometer_interfaces-0.0.0-py3.10.egg-info/PKG-INFO
[0.400s] -- Up-to-date symlink: /home/leo/floor_estimate/ros_barometer-main/install/barometer_interfaces/local/lib/python3.10/dist-packages/barometer_interfaces-0.0.0-py3.10.egg-info/SOURCES.txt
[0.400s] -- Up-to-date symlink: /home/leo/floor_estimate/ros_barometer-main/install/barometer_interfaces/local/lib/python3.10/dist-packages/barometer_interfaces-0.0.0-py3.10.egg-info/dependency_links.txt
[0.400s] -- Up-to-date symlink: /home/leo/floor_estimate/ros_barometer-main/install/barometer_interfaces/local/lib/python3.10/dist-packages/barometer_interfaces-0.0.0-py3.10.egg-info/top_level.txt
[0.401s] -- Up-to-date symlink: /home/leo/floor_estimate/ros_barometer-main/install/barometer_interfaces/local/lib/python3.10/dist-packages/barometer_interfaces/__init__.py
[0.401s] -- Up-to-date symlink: /home/leo/floor_estimate/ros_barometer-main/install/barometer_interfaces/local/lib/python3.10/dist-packages/barometer_interfaces/_barometer_interfaces_s.ep.rosidl_typesupport_c.c
[0.401s] -- Up-to-date symlink: /home/leo/floor_estimate/ros_barometer-main/install/barometer_interfaces/local/lib/python3.10/dist-packages/barometer_interfaces/_barometer_interfaces_s.ep.rosidl_typesupport_fastrtps_c.c
[0.401s] -- Up-to-date symlink: /home/leo/floor_estimate/ros_barometer-main/install/barometer_interfaces/local/lib/python3.10/dist-packages/barometer_interfaces/_barometer_interfaces_s.ep.rosidl_typesupport_introspection_c.c
[0.401s] -- Up-to-date symlink: /home/leo/floor_estimate/ros_barometer-main/install/barometer_interfaces/local/lib/python3.10/dist-packages/barometer_interfaces/barometer_interfaces_s__rosidl_typesupport_c.cpython-310-x86_64-linux-gnu.so
[0.402s] -- Up-to-date symlink: /home/leo/floor_estimate/ros_barometer-main/install/barometer_interfaces/local/lib/python3.10/dist-packages/barometer_interfaces/barometer_interfaces_s__rosidl_typesupport_fastrtps_c.cpython-310-x86_64-linux-gnu.so
[0.402s] -- Up-to-date symlink: /home/leo/floor_estimate/ros_barometer-main/install/barometer_interfaces/local/lib/python3.10/dist-packages/barometer_interfaces/barometer_interfaces_s__rosidl_typesupport_introspection_c.cpython-310-x86_64-linux-gnu.so
[0.402s] -- Up-to-date symlink: /home/leo/floor_estimate/ros_barometer-main/install/barometer_interfaces/local/lib/python3.10/dist-packages/barometer_interfaces/libbarometer_interfaces__rosidl_generator_py.so
[0.402s] -- Up-to-date symlink: /home/leo/floor_estimate/ros_barometer-main/install/barometer_interfaces/local/lib/python3.10/dist-packages/barometer_interfaces/msg/__init__.py
[0.402s] -- Up-to-date symlink: /home/leo/floor_estimate/ros_barometer-main/install/barometer_interfaces/local/lib/python3.10/dist-packages/barometer_interfaces/msg/_barometer.py
[0.403s] -- Up-to-date symlink: /home/leo/floor_estimate/ros_barometer-main/install/barometer_interfaces/local/lib/python3.10/dist-packages/barometer_interfaces/msg/_barometer_s.c
[0.403s] -- Up-to-date symlink: /home/leo/floor_estimate/ros_barometer-main/install/barometer_interfaces/local/lib/python3.10/dist-packages/barometer_interfaces/msg/_z_motion.py
[0.403s] -- Up-to-date symlink: /home/leo/floor_estimate/ros_barometer-main/install/barometer_interfaces/local/lib/python3.10/dist-packages/barometer_interfaces/msg/_z_motion_s.c
[0.403s] -- Up-to-date symlink: /home/leo/floor_estimate/ros_barometer-main/install/barometer_interfaces/local/lib/python3.10/dist-packages/barometer_interfaces/barometer_interfaces_s__rosidl_typesupport_fastrtps_c.cpython-310-x86_64-linux-gnu.so
[0.404s] -- Up-to-date symlink: /home/leo/floor_estimate/ros_barometer-main/install/barometer_interfaces/local/lib/python3.10/dist-packages/barometer_interfaces/barometer_interfaces_s__rosidl_typesupport_introspection_c.cpython-310-x86_64-linux-gnu.so
[0.404s] -- Up-to-date symlink: /home/leo/floor_estimate/ros_barometer-main/install/barometer_interfaces/local/lib/python3.10/dist-packages/barometer_interfaces/barometer_interfaces_s__rosidl_typesupport_c.cpython-310-x86_64-linux-gnu.so
[0.404s] -- Up-to-date symlink: /home/leo/floor_estimate/ros_barometer-main/install/barometer_interfaces/share/barometer_interfaces/msg/Barometer.idl
[0.404s] -- Up-to-date symlink: /home/leo/floor_estimate/ros_barometer-main/install/barometer_interfaces/share/barometer_interfaces/msg/ZMotion.idl
[0.404s] -- Up-to-date symlink: /home/leo/floor_estimate/ros_barometer-main/install/barometer_interfaces/share/barometer_interfaces/msg/Barometer.msg
[0.405s] -- Up-to-date symlink: /home/leo/floor_estimate/ros_barometer-main/install/barometer_interfaces/share/barometer_interfaces/msg/ZMotion.msg
[0.405s] -- Up-to-date symlink: /home/leo/floor_estimate/ros_barometer-main/install/barometer_interfaces/share/ament_index/resource_index/package_run_dependencies/barometer_interfaces
[0.405s] -- Up-to-date symlink: /home/leo/floor_estimate/ros_barometer-main/install/barometer_interfaces/share/ament_index/resource_index/parent_prefix_path/barometer_interfaces
[0.406s] -- Up-to-date symlink: /home/leo/floor_estimate/ros_barometer-main/install/barometer_interfaces/share/barometer_interfaces/environment/ament_prefix_path.sh
[0.406s] -- Up-to-date symlink: /home/leo/floor_estimate/ros_barometer-main/install/barometer_interfaces/share/barometer_interfaces/environment/ament_prefix_path.dsv
[0.406s] -- Up-to-date symlink: /home/leo/floor_estimate/ros_barometer-main/install/barometer_interfaces/share/barometer_interfaces/environment/path.sh
[0.406s] -- Up-to-date symlink: /home/leo/floor_estimate/ros_barometer-main/install/barometer_interfaces/share/barometer_interfaces/environment/path.dsv
[0.406s] -- Up-to-date symlink: /home/leo/floor_estimate/ros_barometer-main/install/barometer_interfaces/share/barometer_interfaces/local_setup.bash
[0.407s] -- Up-to-date symlink: /home/leo/floor_estimate/ros_barometer-main/install/barometer_interfaces/share/barometer_interfaces/local_setup.sh
[0.407s] -- Up-to-date symlink: /home/leo/floor_estimate/ros_barometer-main/install/barometer_interfaces/share/barometer_interfaces/local_setup.zsh
[0.407s] -- Up-to-date symlink: /home/leo/floor_estimate/ros_barometer-main/install/barometer_interfaces/share/barometer_interfaces/local_setup.dsv
[0.407s] -- Symlinking: /home/leo/floor_estimate/ros_barometer-main/install/barometer_interfaces/share/barometer_interfaces/package.dsv
[0.417s] -- Up-to-date symlink: /home/leo/floor_estimate/ros_barometer-main/install/barometer_interfaces/share/ament_index/resource_index/packages/barometer_interfaces
[0.417s] -- Up-to-date symlink: /home/leo/floor_estimate/ros_barometer-main/install/barometer_interfaces/share/barometer_interfaces/cmake/rosidl_cmake-extras.cmake
[0.417s] -- Up-to-date symlink: /home/leo/floor_estimate/ros_barometer-main/install/barometer_interfaces/share/barometer_interfaces/cmake/ament_cmake_export_dependencies-extras.cmake
[0.418s] -- Up-to-date symlink: /home/leo/floor_estimate/ros_barometer-main/install/barometer_interfaces/share/barometer_interfaces/cmake/ament_cmake_export_include_directories-extras.cmake
[0.418s] -- Up-to-date symlink: /home/leo/floor_estimate/ros_barometer-main/install/barometer_interfaces/share/barometer_interfaces/cmake/ament_cmake_export_libraries-extras.cmake
[0.418s] -- Up-to-date symlink: /home/leo/floor_estimate/ros_barometer-main/install/barometer_interfaces/share/barometer_interfaces/cmake/ament_cmake_export_targets-extras.cmake
[0.418s] -- Up-to-date symlink: /home/leo/floor_estimate/ros_barometer-main/install/barometer_interfaces/share/barometer_interfaces/cmake/rosidl_cmake_export_typesupport_targets-extras.cmake
[0.419s] -- Up-to-date symlink: /home/leo/floor_estimate/ros_barometer-main/install/barometer_interfaces/share/barometer_interfaces/cmake/rosidl_cmake_export_typesupport_libraries-extras.cmake
[0.419s] -- Up-to-date symlink: /home/leo/floor_estimate/ros_barometer-main/install/barometer_interfaces/share/barometer_interfaces/cmake/barometer_interfacesConfig.cmake
[0.419s] -- Up-to-date symlink: /home/leo/floor_estimate/ros_barometer-main/install/barometer_interfaces/share/barometer_interfaces/cmake/barometer_interfacesConfig-version.cmake
[0.419s] -- Up-to-date symlink: /home/leo/floor_estimate/ros_barometer-main/install/barometer_interfaces/share/barometer_interfaces/package.xml
[0.420s] -- Up-to-date: /home/leo/floor_estimate/ros_barometer-main/install/barometer_interfaces/lib/libbarometer_interfaces__rosidl_generator_c.so
[0.420s] -- Up-to-date: /home/leo/floor_estimate/ros_barometer-main/install/barometer_interfaces/lib/libbarometer_interfaces__rosidl_typesupport_fastrtps_c.so
[0.421s] -- Up-to-date: /home/leo/floor_estimate/ros_barometer-main/install/barometer_interfaces/lib/libbarometer_interfaces__rosidl_typesupport_introspection_c.so
[0.421s] -- Up-to-date: /home/leo/floor_estimate/ros_barometer-main/install/barometer_interfaces/lib/libbarometer_interfaces__rosidl_typesupport_c.so
[0.422s] -- Up-to-date: /home/leo/floor_estimate/ros_barometer-main/install/barometer_interfaces/lib/libbarometer_interfaces__rosidl_typesupport_fastrtps_cpp.so
[0.422s] -- Up-to-date: /home/leo/floor_estimate/ros_barometer-main/install/barometer_interfaces/lib/libbarometer_interfaces__rosidl_typesupport_introspection_cpp.so
[0.423s] -- Up-to-date: /home/leo/floor_estimate/ros_barometer-main/install/barometer_interfaces/lib/libbarometer_interfaces__rosidl_typesupport_cpp.so
[0.447s] Listing '/home/leo/floor_estimate/ros_barometer-main/install/barometer_interfaces/local/lib/python3.10/dist-packages/barometer_interfaces'...
[0.447s] Listing '/home/leo/floor_estimate/ros_barometer-main/install/barometer_interfaces/local/lib/python3.10/dist-packages/barometer_interfaces/msg'...
[0.450s] -- Up-to-date: /home/leo/floor_estimate/ros_barometer-main/install/barometer_interfaces/lib/libbarometer_interfaces__rosidl_generator_py.so
[0.451s] -- Up-to-date: /home/leo/floor_estimate/ros_barometer-main/install/barometer_interfaces/share/barometer_interfaces/cmake/export_barometer_interfaces__rosidl_generator_cExport.cmake
[0.452s] -- Up-to-date: /home/leo/floor_estimate/ros_barometer-main/install/barometer_interfaces/share/barometer_interfaces/cmake/export_barometer_interfaces__rosidl_generator_cExport-noconfig.cmake
[0.452s] -- Up-to-date: /home/leo/floor_estimate/ros_barometer-main/install/barometer_interfaces/share/barometer_interfaces/cmake/export_barometer_interfaces__rosidl_typesupport_fastrtps_cExport.cmake
[0.452s] -- Up-to-date: /home/leo/floor_estimate/ros_barometer-main/install/barometer_interfaces/share/barometer_interfaces/cmake/export_barometer_interfaces__rosidl_typesupport_fastrtps_cExport-noconfig.cmake
[0.452s] -- Up-to-date: /home/leo/floor_estimate/ros_barometer-main/install/barometer_interfaces/share/barometer_interfaces/cmake/barometer_interfaces__rosidl_typesupport_introspection_cExport.cmake
[0.452s] -- Up-to-date: /home/leo/floor_estimate/ros_barometer-main/install/barometer_interfaces/share/barometer_interfaces/cmake/barometer_interfaces__rosidl_typesupport_introspection_cExport-noconfig.cmake
[0.453s] -- Up-to-date: /home/leo/floor_estimate/ros_barometer-main/install/barometer_interfaces/share/barometer_interfaces/cmake/barometer_interfaces__rosidl_typesupport_cExport.cmake
[0.453s] -- Up-to-date: /home/leo/floor_estimate/ros_barometer-main/install/barometer_interfaces/share/barometer_interfaces/cmake/barometer_interfaces__rosidl_typesupport_cExport-noconfig.cmake
[0.453s] -- Up-to-date: /home/leo/floor_estimate/ros_barometer-main/install/barometer_interfaces/share/barometer_interfaces/cmake/export_barometer_interfaces__rosidl_generator_cppExport.cmake
[0.453s] -- Up-to-date: /home/leo/floor_estimate/ros_barometer-main/install/barometer_interfaces/share/barometer_interfaces/cmake/export_barometer_interfaces__rosidl_typesupport_fastrtps_cppExport.cmake
[0.453s] -- Up-to-date: /home/leo/floor_estimate/ros_barometer-main/install/barometer_interfaces/share/barometer_interfaces/cmake/export_barometer_interfaces__rosidl_typesupport_fastrtps_cppExport-noconfig.cmake
[0.454s] -- Up-to-date: /home/leo/floor_estimate/ros_barometer-main/install/barometer_interfaces/share/barometer_interfaces/cmake/barometer_interfaces__rosidl_typesupport_introspection_cppExport.cmake
[0.454s] -- Up-to-date: /home/leo/floor_estimate/ros_barometer-main/install/barometer_interfaces/share/barometer_interfaces/cmake/barometer_interfaces__rosidl_typesupport_introspection_cppExport-noconfig.cmake
[0.454s] -- Up-to-date: /home/leo/floor_estimate/ros_barometer-main/install/barometer_interfaces/share/barometer_interfaces/cmake/barometer_interfaces__rosidl_typesupport_cppExport.cmake
[0.454s] -- Up-to-date: /home/leo/floor_estimate/ros_barometer-main/install/barometer_interfaces/share/barometer_interfaces/cmake/barometer_interfaces__rosidl_typesupport_cppExport-noconfig.cmake
[0.454s] -- Up-to-date: /home/leo/floor_estimate/ros_barometer-main/install/barometer_interfaces/share/barometer_interfaces/cmake/export_barometer_interfaces__rosidl_generator_pyExport.cmake
[0.454s] -- Up-to-date: /home/leo/floor_estimate/ros_barometer-main/install/barometer_interfaces/share/barometer_interfaces/cmake/export_barometer_interfaces__rosidl_generator_pyExport-noconfig.cmake
[0.457s] Invoked command in '/home/leo/floor_estimate/ros_barometer-main/build/barometer_interfaces' returned '0': CMAKE_PREFIX_PATH=/opt/ros/humble /usr/bin/cmake --install /home/leo/floor_estimate/ros_barometer-main/build/barometer_interfaces
